
> books-os-v1.1@0.0.0 build
> vite build

[36mvite v6.4.1 [32mbuilding for production...[36m[39m
transforming...
[32mΓ£ô[39m 3 modules transformed.
node.exe : [31mΓ£ù[39m 
Build failed in 274ms
At line:1 char:1
+ & "C:\Program 
Files\nodejs/node.exe" "C:\U
sers\itstr\AppData\Roaming\ 
...
+ ~~~~~~~~~~~~~~~~~~~~~~~~~~
~~~~~~~~~~~~~~~~~~~~~~~~~~~~
~~~~~~~~~~~~~~~
    + CategoryInfo          
    : NotSpecified: ([31m  
  Γ£ù[39m Build failed i   
 n 274ms:String) [], Rem    
oteException
    + FullyQualifiedErrorId 
    : NativeCommandError
 
[31merror during build:
[31m[vite:css] [postcss] 
It looks like you're trying 
to use `tailwindcss` 
directly as a PostCSS 
plugin. The PostCSS plugin 
has moved to a separate 
package, so to continue 
using Tailwind CSS with 
PostCSS you'll need to 
install 
`@tailwindcss/postcss` and 
update your PostCSS 
configuration.[31m
file: [36mD:/books-os-v1.1/
index.css:undefined:NaN[31m
    at lt (D:\books-os-v1.1\
node_modules\tailwindcss\dis
t\lib.js:38:1643)
    at LazyResult.runOnRoot 
(D:\books-os-v1.1\node_modul
es\postcss\lib\lazy-result.j
s:361:16)
    at LazyResult.runAsync (
D:\books-os-v1.1\node_module
s\postcss\lib\lazy-result.js
:290:26)
    at LazyResult.async (D:\
books-os-v1.1\node_modules\p
ostcss\lib\lazy-result.js:19
2:30)
    at LazyResult.then (D:\b
ooks-os-v1.1\node_modules\po
stcss\lib\lazy-result.js:436
:17)[39m
